Git_Hub_JSON. HW_1
4. Создать внешний репозиторий c названием JSON.
https://github.com/DmitryMedved/JSON

5. Клонировать репозиторий JSON на локальный компьютер.
medved@DESKTOP-59DF4KB MINGW64 /c
$ mkdir json

medved@DESKTOP-59DF4KB MINGW64 /c
$ cd json

medved@DESKTOP-59DF4KB MINGW64 /c/json
$ git clone https://github.com/DmitryMedved/JSON.git
Cloning into 'JSON'...
remote: Enumerating objects: 3, done.
remote: Counting objects: 100% (3/3), done.
remote: Total 3 (delta 0), reused 0 (delta 0), pack-reused 0
Receiving objects: 100% (3/3), done.

medved@DESKTOP-59DF4KB MINGW64 /c/json
$ ls -la
total 8
drwxr-xr-x 1 medved 197121 0 Jun 14 00:01 ./
drwxr-xr-x 1 medved 197121 0 Jun 14 00:00 ../
drwxr-xr-x 1 medved 197121 0 Jun 14 00:01 JSON/

medved@DESKTOP-59DF4KB MINGW64 /c/json
$ cd json

medved@DESKTOP-59DF4KB MINGW64 /c/json/json (main)
$ ls -la
total 5
drwxr-xr-x 1 medved 197121 0 Jun 14 00:01 ./
drwxr-xr-x 1 medved 197121 0 Jun 14 00:01 ../
drwxr-xr-x 1 medved 197121 0 Jun 14 00:01 .git/
-rw-r--r-- 1 medved 197121 6 Jun 14 00:01 README.md

6. Внутри локального JSON создать файл “new.json”.
medved@DESKTOP-59DF4KB MINGW64 /c/json/json (main)
$ touch new.json

7. Добавить файл под гит.
medved@DESKTOP-59DF4KB MINGW64 /c/json/json (main)
$ git status
On branch main
Your branch is up to date with 'origin/main'.

Untracked files:
  (use "git add <file>..." to include in what will be committed)
        new.json

nothing added to commit but untracked files present (use "git add" to track)

medved@DESKTOP-59DF4KB MINGW64 /c/json/json (main)
$ git add new.json

medved@DESKTOP-59DF4KB MINGW64 /c/json/json (main)
$ git status
On branch main
Your branch is up to date with 'origin/main'.

Changes to be committed:
  (use "git restore --staged <file>..." to unstage)
        new file:   new.json

8. Закоммитить файл.
medved@DESKTOP-59DF4KB MINGW64 /c/json/json (main)
$ git commit -m "add the new.json"
[main 6533fd5] add the new.json
 1 file changed, 0 insertions(+), 0 deletions(-)
 create mode 100644 new.json

9. Отправить файл на внешний GitHub репозиторий.
medved@DESKTOP-59DF4KB MINGW64 /c/json/json (main)
$ git push
Enumerating objects: 4, done.
Counting objects: 100% (4/4), done.
Delta compression using up to 8 threads
Compressing objects: 100% (2/2), done.
Writing objects: 100% (3/3), 283 bytes | 283.00 KiB/s, done.
Total 3 (delta 0), reused 0 (delta 0), pack-reused 0
To https://github.com/DmitryMedved/JSON.git
   0b50c5b..6533fd5  main -> main

10. Отредактировать содержание файла “new.json” - написать информацию о себе (ФИО, возраст, количество домашних животных, будущая желаемая зарплата). Всё написать в формате JSON.
medved@DESKTOP-59DF4KB MINGW64 /c/json/json (main)
$ cat >> new.json
{
"first_name": "Dmitry",
"last_name": "Medved",
"age": "38",
"number_of_pets": "null",
"future_desired_salary": "1000"
}

11. Отправить изменения на внешний репозиторий.
medved@DESKTOP-59DF4KB MINGW64 /c/json/json (main)
$ git status
On branch main
Your branch is up to date with 'origin/main'.

Changes not staged for commit:
  (use "git add <file>..." to update what will be committed)
  (use "git restore <file>..." to discard changes in working directory)
        modified:   new.json

no changes added to commit (use "git add" and/or "git commit -a")

medved@DESKTOP-59DF4KB MINGW64 /c/json/json (main)
$ git add new.json
warning: LF will be replaced by CRLF in new.json.
The file will have its original line endings in your working directory

medved@DESKTOP-59DF4KB MINGW64 /c/json/json (main)
$ git status
On branch main
Your branch is up to date with 'origin/main'.

Changes to be committed:
  (use "git restore --staged <file>..." to unstage)
        modified:   new.json

medved@DESKTOP-59DF4KB MINGW64 /c/json/json (main)
$ git commit -m "add modified the new.json"
[main dc71c0d] add modified the new.json
 1 file changed, 20 insertions(+)

medved@DESKTOP-59DF4KB MINGW64 /c/json/json (main)
$ git push
Enumerating objects: 5, done.
Counting objects: 100% (5/5), done.
Delta compression using up to 8 threads
Compressing objects: 100% (3/3), done.
Writing objects: 100% (3/3), 579 bytes | 579.00 KiB/s, done.
Total 3 (delta 0), reused 0 (delta 0), pack-reused 0
To https://github.com/DmitryMedved/JSON.git
   6533fd5..dc71c0d  main -> main

medved@DESKTOP-59DF4KB MINGW64 /c/json/json (main)
$ git status
On branch main
Your branch is up to date with 'origin/main'.

nothing to commit, working tree clean

12. Создать файл preferences.json
medved@DESKTOP-59DF4KB MINGW64 /c/json/json (main)
$ touch preferences.json

13. В файл preferences.json добавить информацию о своих предпочтениях (Любимый фильм, любимый сериал, любимая еда, любимое время года, сторона которую хотели бы посетить) в формате JSON.
medved@DESKTOP-59DF4KB MINGW64 /c/json/json (main)
$ cat >> preferences.json
{
"favorite_movie": "Taxi",
"favourite_TV_show": "Dr. House",
"favorite_food": "Pizza",
"favorite_time_of_the_year": "Summer",
"country_you_would_like_to_visit": "USA"
}

14. Создать файл sklls.json добавить информацию о скиллах которые будут изучены на курсе в формате JSON
medved@DESKTOP-59DF4KB MINGW64 /c/json/json (main)
$ touch sklls.json

medved@DESKTOP-59DF4KB MINGW64 /c/json/json (main)
$ cat >> sklls.json
{
"information_learned_in_the_course": ["Git Bash", "Git Hub", "XML", "JSON"]
}

15. Отправить сразу 2 файла на внешний репозиторий.
medved@DESKTOP-59DF4KB MINGW64 /c/json/json (main)
$ git status
On branch main
Your branch is ahead of 'origin/main' by 2 commits.
  (use "git push" to publish your local commits)

Untracked files:
  (use "git add <file>..." to include in what will be committed)
        preferences.json
        sklls.json

nothing added to commit but untracked files present (use "git add" to track)

medved@DESKTOP-59DF4KB MINGW64 /c/json/json (main)
$ git add preferences.json sklls.json
warning: LF will be replaced by CRLF in preferences.json.
The file will have its original line endings in your working directory
warning: LF will be replaced by CRLF in sklls.json.
The file will have its original line endings in your working directory

medved@DESKTOP-59DF4KB MINGW64 /c/json/json (main)
$ git status
On branch main
Your branch is ahead of 'origin/main' by 2 commits.
  (use "git push" to publish your local commits)

Changes to be committed:
  (use "git restore --staged <file>..." to unstage)
        new file:   preferences.json
        new file:   sklls.json


medved@DESKTOP-59DF4KB MINGW64 /c/json/json (main)
$ git commit -m "add 2 json files"
[main d163edb] add 2 json files
 2 files changed, 9 insertions(+)
 create mode 100644 preferences.json
 create mode 100644 sklls.json

medved@DESKTOP-59DF4KB MINGW64 /c/json/json (main)
$ git push
Enumerating objects: 12, done.
Counting objects: 100% (12/12), done.
Delta compression using up to 8 threads
Compressing objects: 100% (10/10), done.
Writing objects: 100% (10/10), 1.03 KiB | 1.03 MiB/s, done.
Total 10 (delta 3), reused 0 (delta 0), pack-reused 0
remote: Resolving deltas: 100% (3/3), completed with 1 local object.
To https://github.com/DmitryMedved/JSON.git
   dc71c0d..d163edb  main -> main

16. На веб интерфейсе создать файл bug_report.json.
medved@DESKTOP-59DF4KB MINGW64 /c/json/json (main)
$ git fetch
remote: Enumerating objects: 4, done.
remote: Counting objects: 100% (4/4), done.
remote: Compressing objects: 100% (2/2), done.
remote: Total 3 (delta 1), reused 0 (delta 0), pack-reused 0
Unpacking objects: 100% (3/3), 660 bytes | 94.00 KiB/s, done.
From https://github.com/DmitryMedved/JSON
   d163edb..34e1e47  main       -> origin/main

17. Сделать Commit changes (сохранить) изменения на веб интерфейсе.
medved@DESKTOP-59DF4KB MINGW64 /c/json/json (main)
$ git pull
Updating d163edb..34e1e47
Fast-forward
 bug_report.json | 1 +
 1 file changed, 1 insertion(+)
 create mode 100644 bug_report.json

medved@DESKTOP-59DF4KB MINGW64 /c/json/json (main)
$ ls -la
total 16
drwxr-xr-x 1 medved 197121   0 Jun 14 21:54 ./
drwxr-xr-x 1 medved 197121   0 Jun 14 00:01 ../
drwxr-xr-x 1 medved 197121   0 Jun 14 21:54 .git/
-rw-r--r-- 1 medved 197121   6 Jun 14 00:01 README.md
-rw-r--r-- 1 medved 197121   2 Jun 14 21:54 bug_report.json
-rw-r--r-- 1 medved 197121 156 Jun 14 21:19 new.json
-rw-r--r-- 1 medved 197121 169 Jun 14 21:16 preferences.json
-rw-r--r-- 1 medved 197121  93 Jun 14 21:37 sklls.json

18. На веб интерфейсе модифицировать файл bug_report.json, добавить баг репорт в формате JSON.
{
"bug_report": "1",
"Project": "www.ameno.ru",
"Sammary": "Search in the dream book on the main page, using Russian words, does not work correctly",
"Number_version": "0.0001",
"Severity": "Major",
"Priority": "Medium",
"Status": "New",
"Reporter": "Dmitry Medved",
"Assign_to": "Alex Bulat",
"Steps_to_reproduce": ["1. Open the main page of the site: http://www.ameno.ru/. At the bottom of the page we find the section: DREAM BOOK", "2. Enter a search term, such as "night", "3. Click the "Find" button"],
"Actual_result": "The request was not validated",
"Expected_Result": "The search was successful, the description of the desired dream is shown correctly"
}

19. Сделать Commit changes (сохранить) изменения на веб интерфейсе.
medved@DESKTOP-59DF4KB MINGW64 /c/json/JSON (main)
$ git fetch
remote: Enumerating objects: 19, done.
remote: Counting objects: 100% (19/19), done.
remote: Compressing objects: 100% (15/15), done.
remote: Total 15 (delta 7), reused 0 (delta 0), pack-reused 0
Unpacking objects: 100% (15/15), 3.76 KiB | 109.00 KiB/s, done.
From https://github.com/DmitryMedved/JSON
   58b1452..eded68b  main       -> origin/main

20. Синхронизировать внешний и локальный репозиторий JSON
medved@DESKTOP-59DF4KB MINGW64 /c/json/json (main)
$ git pull
Updating 34e1e47..592bf11
Fast-forward
 bug_report.json | 2 +-
 1 file changed, 1 insertion(+), 1 deletion(-)
